Error: Division by zero error

Stack content: [Integer 0,Integer 5]