HelloWorld
HelloWorld!
Execution finished with an empty stack.